ERC report (2026-07-26T18:30:57, Encoding UTF8)
Report includes: Errors

***** Sheet /
[pin_not_connected]: Pin not connected
    ; error
    @(2350 mils, 2950 mils): Symbol U2 Pin 9 [AD0, Eingang, Linie]
[pin_not_driven]: Input pin not driven by any Output pins
    ; error
    @(2350 mils, 2950 mils): Symbol U2 Pin 9 [AD0, Eingang, Linie]
[pin_not_connected]: Pin not connected
    ; error
    @(2350 mils, 3250 mils): Symbol U2 Pin 11 [FSYNC, Eingang, Linie]
[pin_not_driven]: Input pin not driven by any Output pins
    ; error
    @(2350 mils, 3250 mils): Symbol U2 Pin 11 [FSYNC, Eingang, Linie]
[pin_not_connected]: Pin not connected
    ; error
    @(2350 mils, 3350 mils): Symbol U2 Pin 1 [CLKIN, Eingang, Taktanschluss]
[pin_not_driven]: Input pin not driven by any Output pins
    ; error
    @(2350 mils, 3350 mils): Symbol U2 Pin 1 [CLKIN, Eingang, Taktanschluss]
[pin_not_connected]: Pin not connected
    ; error
    @(3750 mils, 2750 mils): Symbol U2 Pin 12 [INT, Ausgang, Linie]
[pin_not_connected]: Pin not connected
    ; error
    @(3750 mils, 2950 mils): Symbol U2 Pin 6 [AUX_DA, Bidirektional, Linie]
[pin_not_connected]: Pin not connected
    ; error
    @(3750 mils, 3050 mils): Symbol U2 Pin 7 [AUX_CL, Ausgang, Taktanschluss]
[pin_not_connected]: Pin not connected
    ; error
    @(3750 mils, 3250 mils): Symbol U2 Pin 20 [CPOUT, Passiv, Linie]
[pin_not_connected]: Pin not connected
    ; error
    @(3750 mils, 3350 mils): Symbol U2 Pin 10 [REGOUT, Passiv, Linie]
[pin_not_connected]: Pin not connected
    ; error
    @(4900 mils, 2450 mils): Symbol U1 Pin 3 [EN, Eingang, Linie]
[pin_not_driven]: Input pin not driven by any Output pins
    ; error
    @(4900 mils, 2450 mils): Symbol U1 Pin 3 [EN, Eingang, Linie]
[pin_not_connected]: Pin not connected
    ; error
    @(4900 mils, 2650 mils): Symbol U1 Pin 4 [SENSOR_VP, Eingang, Linie]
[pin_not_driven]: Input pin not driven by any Output pins
    ; error
    @(4900 mils, 2650 mils): Symbol U1 Pin 4 [SENSOR_VP, Eingang, Linie]
[pin_not_connected]: Pin not connected
    ; error
    @(4900 mils, 2750 mils): Symbol U1 Pin 5 [SENSOR_VN, Eingang, Linie]
[pin_not_driven]: Input pin not driven by any Output pins
    ; error
    @(4900 mils, 2750 mils): Symbol U1 Pin 5 [SENSOR_VN, Eingang, Linie]
[pin_not_connected]: Pin not connected
    ; error
    @(4900 mils, 3650 mils): Symbol U1 Pin 21 [SDO/SD0, Bidirektional, Linie]
[pin_not_connected]: Pin not connected
    ; error
    @(4900 mils, 3750 mils): Symbol U1 Pin 22 [SDI/SD1, Bidirektional, Linie]
[pin_not_connected]: Pin not connected
    ; error
    @(4900 mils, 3850 mils): Symbol U1 Pin 17 [SHD/SD2, Bidirektional, Linie]
[pin_not_connected]: Pin not connected
    ; error
    @(4900 mils, 3950 mils): Symbol U1 Pin 18 [SWP/SD3, Bidirektional, Linie]
[pin_not_connected]: Pin not connected
    ; error
    @(4900 mils, 4050 mils): Symbol U1 Pin 20 [SCK/CLK, Bidirektional, Linie]
[pin_not_connected]: Pin not connected
    ; error
    @(4900 mils, 4150 mils): Symbol U1 Pin 19 [SCS/CMD, Bidirektional, Linie]
[power_pin_not_driven]: Input Power pin not driven by any Output Power pins
    ; error
    @(5500 mils, 1550 mils): Symbol #PWR01 Pin 1 [Stromversorgung, Linie]
[power_pin_not_driven]: Input Power pin not driven by any Output Power pins
    ; error
    @(5500 mils, 5050 mils): Symbol U1 Pin 1 [GND, Stromversorgung, Linie]
[pin_not_connected]: Pin not connected
    ; error
    @(6100 mils, 2450 mils): Symbol U1 Pin 25 [IO0, Bidirektional, Linie]
[pin_not_connected]: Pin not connected
    ; error
    @(6100 mils, 2550 mils): Symbol U1 Pin 35 [TXD0/IO1, Bidirektional, Linie]
[pin_not_connected]: Pin not connected
    ; error
    @(6100 mils, 2650 mils): Symbol U1 Pin 24 [IO2, Bidirektional, Linie]
[pin_not_connected]: Pin not connected
    ; error
    @(6100 mils, 2750 mils): Symbol U1 Pin 34 [RXD0/IO3, Bidirektional, Linie]
[pin_not_connected]: Pin not connected
    ; error
    @(6100 mils, 2850 mils): Symbol U1 Pin 26 [IO4, Bidirektional, Linie]
[pin_not_connected]: Pin not connected
    ; error
    @(6100 mils, 2950 mils): Symbol U1 Pin 29 [IO5, Bidirektional, Linie]
[pin_not_connected]: Pin not connected
    ; error
    @(6100 mils, 3050 mils): Symbol U1 Pin 14 [IO12, Bidirektional, Linie]
[pin_not_connected]: Pin not connected
    ; error
    @(6100 mils, 3150 mils): Symbol U1 Pin 16 [IO13, Bidirektional, Linie]
[pin_not_connected]: Pin not connected
    ; error
    @(6100 mils, 3250 mils): Symbol U1 Pin 13 [IO14, Bidirektional, Linie]
[pin_not_connected]: Pin not connected
    ; error
    @(6100 mils, 3350 mils): Symbol U1 Pin 23 [IO15, Bidirektional, Linie]
[pin_not_connected]: Pin not connected
    ; error
    @(6100 mils, 4050 mils): Symbol U1 Pin 37 [IO23, Bidirektional, Linie]
[pin_not_connected]: Pin not connected
    ; error
    @(6100 mils, 4150 mils): Symbol U1 Pin 10 [IO25, Bidirektional, Linie]
[pin_not_connected]: Pin not connected
    ; error
    @(6100 mils, 4250 mils): Symbol U1 Pin 11 [IO26, Bidirektional, Linie]
[pin_not_connected]: Pin not connected
    ; error
    @(6100 mils, 4350 mils): Symbol U1 Pin 12 [IO27, Bidirektional, Linie]
[pin_not_connected]: Pin not connected
    ; error
    @(6100 mils, 4450 mils): Symbol U1 Pin 8 [IO32, Bidirektional, Linie]
[pin_not_connected]: Pin not connected
    ; error
    @(6100 mils, 4550 mils): Symbol U1 Pin 9 [IO33, Bidirektional, Linie]
[pin_not_connected]: Pin not connected
    ; error
    @(6100 mils, 4650 mils): Symbol U1 Pin 6 [IO34, Eingang, Linie]
[pin_not_driven]: Input pin not driven by any Output pins
    ; error
    @(6100 mils, 4650 mils): Symbol U1 Pin 6 [IO34, Eingang, Linie]
[pin_not_connected]: Pin not connected
    ; error
    @(6100 mils, 4750 mils): Symbol U1 Pin 7 [IO35, Eingang, Linie]
[pin_not_driven]: Input pin not driven by any Output pins
    ; error
    @(6100 mils, 4750 mils): Symbol U1 Pin 7 [IO35, Eingang, Linie]

 ** ERC messages: 45  Errors 45  Warnings 0

 ** Ignored checks:
    - Global label only appears once in the schematic
    - Four connection points are joined together
    - SPICE model issue
    - Assigned footprint doesn't match footprint filters
